// Jest Snapshot v1, https://goo.gl/fbAQLP

exports[`<AppPill /> renders correctly 1`] = `""`;
