// Jest Snapshot v1, https://goo.gl/fbAQLP

exports[`<AppDateTimePicker /> renders correctly 1`] = `
<AppDateTimePicker
  value={2020-09-23T15:45:00.247Z}
/>
`;
