// Jest Snapshot v1, https://goo.gl/fbAQLP

exports[`<AppTitle /> renders correctly 1`] = `""`;
