// Jest Snapshot v1, https://goo.gl/fbAQLP

exports[`<AppScrollView /> renders correctly 1`] = `""`;
