// Jest Snapshot v1, https://goo.gl/fbAQLP

exports[`<AppToggleSwitch /> renders correctly 1`] = `""`;
