// Jest Snapshot v1, https://goo.gl/fbAQLP

exports[`<AppPasswordHints /> renders correctly 1`] = `""`;
