// Jest Snapshot v1, https://goo.gl/fbAQLP

exports[`<AppLink /> renders correctly 1`] = `""`;
