// Jest Snapshot v1, https://goo.gl/fbAQLP

exports[`<AppUserMapMarker /> renders correctly 1`] = `""`;
