// Jest Snapshot v1, https://goo.gl/fbAQLP

exports[`<AppSetting /> renders correctly 1`] = `""`;
