// Jest Snapshot v1, https://goo.gl/fbAQLP

exports[`<AppPreload /> renders correctly 1`] = `""`;
