// Jest Snapshot v1, https://goo.gl/fbAQLP

exports[`<AppHandle /> renders correctly 1`] = `""`;
