// Jest Snapshot v1, https://goo.gl/fbAQLP

exports[`<AppModal /> renders correctly 1`] = `""`;
